// Jest Snapshot v1, https://goo.gl/fbAQLP

exports[`Counter Component Sanpshot of counter comp 1`] = `
<DocumentFragment>
  <div
    class="counter-container"
  >
    <button>
      -
    </button>
    <p
      class="text"
    >
      0
    </p>
    <button>
      +
    </button>
  </div>
</DocumentFragment>
`;
